2025-11-11 23:18:37,541 - MainThread - INFO - [MainThread] Waiting for messages...
2025-11-11 23:18:37,541 - MainThread - INFO - I am the main thread still doing stuff
2025-11-11 23:18:37,549 - Thread-1 - INFO - Pika version 1.3.2 connecting to ('::1', 5672, 0, 0)
2025-11-11 23:18:37,550 - Thread-1 - INFO - Socket connected: <socket.socket fd=1088, family=23, type=1, proto=6, laddr=('::1', 54575, 0, 0), raddr=('::1', 5672, 0, 0)>
2025-11-11 23:18:37,551 - Thread-1 - INFO - Streaming transport linked up: (<pika.adapters.utils.io_services_utils._AsyncPlaintextTransport object at 0x000001C85E86BF80>, _StreamingProtocolShim: <SelectConnection PROTOCOL transport=<pika.adapters.utils.io_services_utils._AsyncPlaintextTransport object at 0x000001C85E86BF80> params=<ConnectionParameters host=localhost port=5672 virtual_host=/ ssl=False>>).
2025-11-11 23:18:37,610 - Thread-1 - INFO - AMQPConnector - reporting success: <SelectConnection OPEN transport=<pika.adapters.utils.io_services_utils._AsyncPlaintextTransport object at 0x000001C85E86BF80> params=<ConnectionParameters host=localhost port=5672 virtual_host=/ ssl=False>>
2025-11-11 23:18:37,610 - Thread-1 - INFO - AMQPConnectionWorkflow - reporting success: <SelectConnection OPEN transport=<pika.adapters.utils.io_services_utils._AsyncPlaintextTransport object at 0x000001C85E86BF80> params=<ConnectionParameters host=localhost port=5672 virtual_host=/ ssl=False>>
2025-11-11 23:18:37,611 - Thread-1 - INFO - Connection workflow succeeded: <SelectConnection OPEN transport=<pika.adapters.utils.io_services_utils._AsyncPlaintextTransport object at 0x000001C85E86BF80> params=<ConnectionParameters host=localhost port=5672 virtual_host=/ ssl=False>>
2025-11-11 23:18:37,611 - Thread-1 - INFO - Created channel=1
2025-11-11 23:18:38,542 - MainThread - INFO - I am the main thread still doing stuff
2025-11-11 23:18:39,543 - MainThread - INFO - I am the main thread still doing stuff
2025-11-11 23:18:40,544 - MainThread - INFO - I am the main thread still doing stuff
2025-11-11 23:18:41,545 - MainThread - INFO - Processed: Location:348, 961
2025-11-11 23:18:41,545 - MainThread - INFO - I am the main thread still doing stuff
2025-11-11 23:18:42,546 - MainThread - INFO - Processed: Location:487, 823
2025-11-11 23:18:42,546 - MainThread - INFO - I am the main thread still doing stuff
2025-11-11 23:18:43,547 - MainThread - INFO - Processed: Location:661, 180
2025-11-11 23:18:43,547 - MainThread - INFO - I am the main thread still doing stuff
2025-11-11 23:18:44,547 - MainThread - INFO - Processed: Location:519, 333
2025-11-11 23:18:44,547 - MainThread - INFO - I am the main thread still doing stuff
2025-11-11 23:18:45,548 - MainThread - INFO - Processed: Location:827, 411
2025-11-11 23:18:45,548 - MainThread - INFO - I am the main thread still doing stuff
2025-11-11 23:18:46,549 - MainThread - INFO - I am the main thread still doing stuff
2025-11-11 23:18:47,550 - MainThread - INFO - I am the main thread still doing stuff
2025-11-11 23:18:48,550 - MainThread - INFO - I am the main thread still doing stuff
2025-11-11 23:18:49,551 - MainThread - INFO - I am the main thread still doing stuff
2025-11-11 23:18:50,551 - MainThread - INFO - I am the main thread still doing stuff
2025-11-11 23:18:51,552 - MainThread - INFO - I am the main thread still doing stuff
2025-11-11 23:18:52,553 - MainThread - INFO - I am the main thread still doing stuff
2025-11-11 23:18:53,553 - MainThread - INFO - I am the main thread still doing stuff
2025-11-11 23:18:53,788 - MainThread - INFO - 
[MainThread] Shutting down.
